// Jest Snapshot v1, https://goo.gl/fbAQLP

exports[`MovieCard component renders correctly 1`] = `
<article
  className="small-movie-card catalog__movies-card"
  id={0}
  onMouseEnter={[Function]}
  onMouseLeave={[Function]}
>
  <div
    className="small-movie-card__image"
  >
    <video
      height={175}
      muted={true}
      width={280}
    />
  </div>
  <h3
    className="small-movie-card__title"
  >
    <a
      className="small-movie-card__link"
      href="#"
    />
  </h3>
</article>
`;
